// Jest Snapshot v1, https://goo.gl/fbAQLP

exports[`app should take a snapshot for App 1`] = `
<DocumentFragment>
  <div
    class="todo-list-page-container"
  >
    <div
      class="details-container"
    >
      <div
        class="details-inner-container"
      >
        <img
          alt="user"
          data-testid="userImg"
          id="user-img"
          src="userImage.jpeg"
        />
        <h2
          data-testid="greeting"
          id="greeting"
        >
          HI, USER
        </h2>
        <br />
        <h1
          data-testid="time"
          id="date-time"
        >
          <time
            datetime="1650831384895"
          >
            1:46 am
          </time>
        </h1>
        <h1
          data-testid="date"
          id="date-time"
        >
          <time
            datetime="1650831384898"
          >
            25 April, 2022
          </time>
        </h1>
      </div>
    </div>
    <div
      class="allTodos-container"
    >
      <h1
        data-testid="allTodoHeading"
        id="todos-heading"
      >
        ALL TO-DOS
      </h1>
      <div
        class="all-cards-outer-container"
        data-testid="allCards"
      >
        <div
          class="all-cards-container"
          data-testid="allCardsInner"
        >
          <div
            class="todo-card"
            data-testid="todoCard"
          >
            <p
              id="todo-title"
            >
              first todo list item
            </p>
          </div>
        </div>
      </div>
      <button
        class="new-todo-button"
        data-testid="newTodoButton"
        type="button"
      >
        CREATE NEW
      </button>
    </div>
  </div>
</DocumentFragment>
`;
